// Jest Snapshot v1, https://goo.gl/fbAQLP

exports[`SensitiveDataSearcher build should build regexes 1`] = `
Array [
  /user \\?= \\?\\["'\`\\]\\?\\(\\[\\\\w !@#\\$%\\^&\\(\\)\\\\/,\\.;-_\\]\\+\\)\\["'\`\\]\\?;\\?/,
  /user \\?: \\?\\[a-zA-Z0-9_\\]\\+ \\?= \\?\\["'\`\\]\\?\\(\\[\\\\w !@#\\$%\\^&\\(\\)\\\\/,\\.;-_\\]\\+\\)\\["'\`\\]\\?/,
  /username \\?= \\?\\["'\`\\]\\?\\(\\[\\\\w !@#\\$%\\^&\\(\\)\\\\/,\\.;-_\\]\\+\\)\\["'\`\\]\\?;\\?/,
  /username \\?: \\?\\[a-zA-Z0-9_\\]\\+ \\?= \\?\\["'\`\\]\\?\\(\\[\\\\w !@#\\$%\\^&\\(\\)\\\\/,\\.;-_\\]\\+\\)\\["'\`\\]\\?/,
  /password \\?= \\?\\["'\`\\]\\?\\(\\[\\\\w !@#\\$%\\^&\\(\\)\\\\/,\\.;-_\\]\\+\\)\\["'\`\\]\\?;\\?/,
  /password \\?: \\?\\[a-zA-Z0-9_\\]\\+ \\?= \\?\\["'\`\\]\\?\\(\\[\\\\w !@#\\$%\\^&\\(\\)\\\\/,\\.;-_\\]\\+\\)\\["'\`\\]\\?/,
]
`;
